


ARM Macro Assembler    Page 1 


    1 00000000         ; gpio.s
    2 00000000         ; Desenvolvido para a placa EK-TM4C1294XL
    3 00000000         ; Prof. Guilherme Peron
    4 00000000         ; Ver 1 19/03/2018
    5 00000000         ; Ver 2 26/08/2018
    6 00000000         
    7 00000000         ; ------------------------------------------------------
                       -------------------------
    8 00000000                 THUMB                        ; Instruções do tip
                                                            o Thumb-2
    9 00000000         ; ------------------------------------------------------
                       -------------------------
   10 00000000         ; Declarações EQU - Defines
   11 00000000         ; ========================
   12 00000000         ; Definições de Valores
   13 00000000 00000001 
                       BIT0    EQU              2_0001
   14 00000000 00000002 
                       BIT1    EQU              2_0010
   15 00000000         ; ========================
   16 00000000         ; Definições dos Registradores Gerais
   17 00000000 400FE608 
                       SYSCTL_RCGCGPIO_R
                               EQU              0x400FE608
   18 00000000 400FEA08 
                       SYSCTL_PRGPIO_R
                               EQU              0x400FEA08
   19 00000000         ; ========================
   20 00000000         ; Definições dos Ports
   21 00000000         ; PORT M
   22 00000000 40063520 
                       GPIO_PORTM_AHB_LOCK_R
                               EQU              0x40063520
   23 00000000 40063524 
                       GPIO_PORTM_AHB_CR_R
                               EQU              0x40063524
   24 00000000 40063528 
                       GPIO_PORTM_AHB_AMSEL_R
                               EQU              0x40063528
   25 00000000 4006352C 
                       GPIO_PORTM_AHB_PCTL_R
                               EQU              0x4006352C
   26 00000000 40063400 
                       GPIO_PORTM_AHB_DIR_R
                               EQU              0x40063400
   27 00000000 40063420 
                       GPIO_PORTM_AHB_AFSEL_R
                               EQU              0x40063420
   28 00000000 4006351C 
                       GPIO_PORTM_AHB_DEN_R
                               EQU              0x4006351C
   29 00000000 40063510 
                       GPIO_PORTM_AHB_PUR_R
                               EQU              0x40063510
   30 00000000 400633FC 
                       GPIO_PORTM_AHB_DATA_R
                               EQU              0x400633FC
   31 00000000 00000800 
                       GPIO_PORTM



ARM Macro Assembler    Page 2 


                               EQU              2_000100000000000
   32 00000000         ; PORT K
   33 00000000 40061520 
                       GPIO_PORTK_AHB_LOCK_R
                               EQU              0x40061520
   34 00000000 40061524 
                       GPIO_PORTK_AHB_CR_R
                               EQU              0x40061524
   35 00000000 40061528 
                       GPIO_PORTK_AHB_AMSEL_R
                               EQU              0x40061528
   36 00000000 4006152C 
                       GPIO_PORTK_AHB_PCTL_R
                               EQU              0x4006152C
   37 00000000 40061400 
                       GPIO_PORTK_AHB_DIR_R
                               EQU              0x40061400
   38 00000000 40061420 
                       GPIO_PORTK_AHB_AFSEL_R
                               EQU              0x40061420
   39 00000000 4006151C 
                       GPIO_PORTK_AHB_DEN_R
                               EQU              0x4006151C
   40 00000000 40061510 
                       GPIO_PORTK_AHB_PUR_R
                               EQU              0x40061510
   41 00000000 400613FC 
                       GPIO_PORTK_AHB_DATA_R
                               EQU              0x400613FC
   42 00000000 00000200 
                       GPIO_PORTK
                               EQU              2_000001000000000
   43 00000000         ; PORT J
   44 00000000 40060520 
                       GPIO_PORTJ_AHB_LOCK_R
                               EQU              0x40060520
   45 00000000 40060524 
                       GPIO_PORTJ_AHB_CR_R
                               EQU              0x40060524
   46 00000000 40060528 
                       GPIO_PORTJ_AHB_AMSEL_R
                               EQU              0x40060528
   47 00000000 4006052C 
                       GPIO_PORTJ_AHB_PCTL_R
                               EQU              0x4006052C
   48 00000000 40060400 
                       GPIO_PORTJ_AHB_DIR_R
                               EQU              0x40060400
   49 00000000 40060420 
                       GPIO_PORTJ_AHB_AFSEL_R
                               EQU              0x40060420
   50 00000000 4006051C 
                       GPIO_PORTJ_AHB_DEN_R
                               EQU              0x4006051C
   51 00000000 40060510 
                       GPIO_PORTJ_AHB_PUR_R
                               EQU              0x40060510
   52 00000000 400603FC 
                       GPIO_PORTJ_AHB_DATA_R



ARM Macro Assembler    Page 3 


                               EQU              0x400603FC
   53 00000000 00000100 
                       GPIO_PORTJ
                               EQU              2_000000100000000
   54 00000000         ; PORT F
   55 00000000 4005D520 
                       GPIO_PORTF_AHB_LOCK_R
                               EQU              0x4005D520
   56 00000000 4005D524 
                       GPIO_PORTF_AHB_CR_R
                               EQU              0x4005D524
   57 00000000 4005D528 
                       GPIO_PORTF_AHB_AMSEL_R
                               EQU              0x4005D528
   58 00000000 4005D52C 
                       GPIO_PORTF_AHB_PCTL_R
                               EQU              0x4005D52C
   59 00000000 4005D400 
                       GPIO_PORTF_AHB_DIR_R
                               EQU              0x4005D400
   60 00000000 4005D420 
                       GPIO_PORTF_AHB_AFSEL_R
                               EQU              0x4005D420
   61 00000000 4005D51C 
                       GPIO_PORTF_AHB_DEN_R
                               EQU              0x4005D51C
   62 00000000 4005D510 
                       GPIO_PORTF_AHB_PUR_R
                               EQU              0x4005D510
   63 00000000 4005D3FC 
                       GPIO_PORTF_AHB_DATA_R
                               EQU              0x4005D3FC
   64 00000000 00000020 
                       GPIO_PORTF
                               EQU              2_000000000100000
   65 00000000         ; PORT A
   66 00000000 40058520 
                       GPIO_PORTA_AHB_LOCK_R
                               EQU              0x40058520
   67 00000000 40058524 
                       GPIO_PORTA_AHB_CR_R
                               EQU              0x40058524
   68 00000000 40058528 
                       GPIO_PORTA_AHB_AMSEL_R
                               EQU              0x40058528
   69 00000000 4005852C 
                       GPIO_PORTA_AHB_PCTL_R
                               EQU              0x4005852C
   70 00000000 40058400 
                       GPIO_PORTA_AHB_DIR_R
                               EQU              0x40058400
   71 00000000 40058420 
                       GPIO_PORTA_AHB_AFSEL_R
                               EQU              0x40058420
   72 00000000 4005851C 
                       GPIO_PORTA_AHB_DEN_R
                               EQU              0x4005851C
   73 00000000 40058510 
                       GPIO_PORTA_AHB_PUR_R



ARM Macro Assembler    Page 4 


                               EQU              0x40058510
   74 00000000 400583FC 
                       GPIO_PORTA_AHB_DATA_R
                               EQU              0x400583FC
   75 00000000 00000001 
                       GPIO_PORTA
                               EQU              2_000000000000001
   76 00000000         ; PORT Q
   77 00000000 40066520 
                       GPIO_PORTQ_AHB_LOCK_R
                               EQU              0x40066520
   78 00000000 40066524 
                       GPIO_PORTQ_AHB_CR_R
                               EQU              0x40066524
   79 00000000 40066528 
                       GPIO_PORTQ_AHB_AMSEL_R
                               EQU              0x40066528
   80 00000000 4006652C 
                       GPIO_PORTQ_AHB_PCTL_R
                               EQU              0x4006652C
   81 00000000 40066400 
                       GPIO_PORTQ_AHB_DIR_R
                               EQU              0x40066400
   82 00000000 40066420 
                       GPIO_PORTQ_AHB_AFSEL_R
                               EQU              0x40066420
   83 00000000 4006651C 
                       GPIO_PORTQ_AHB_DEN_R
                               EQU              0x4006651C
   84 00000000 40066510 
                       GPIO_PORTQ_AHB_PUR_R
                               EQU              0x40066510
   85 00000000 400663FC 
                       GPIO_PORTQ_AHB_DATA_R
                               EQU              0x400663FC
   86 00000000 00004000 
                       GPIO_PORTQ
                               EQU              2_100000000000000
   87 00000000         ; PORT B
   88 00000000 40059520 
                       GPIO_PORTB_AHB_LOCK_R
                               EQU              0x40059520
   89 00000000 40059524 
                       GPIO_PORTB_AHB_CR_R
                               EQU              0x40059524
   90 00000000 40059528 
                       GPIO_PORTB_AHB_AMSEL_R
                               EQU              0x40059528
   91 00000000 4005952C 
                       GPIO_PORTB_AHB_PCTL_R
                               EQU              0x4005952C
   92 00000000 40059400 
                       GPIO_PORTB_AHB_DIR_R
                               EQU              0x40059400
   93 00000000 40059420 
                       GPIO_PORTB_AHB_AFSEL_R
                               EQU              0x40059420
   94 00000000 4005951C 
                       GPIO_PORTB_AHB_DEN_R



ARM Macro Assembler    Page 5 


                               EQU              0x4005951C
   95 00000000 40059510 
                       GPIO_PORTB_AHB_PUR_R
                               EQU              0x40059510
   96 00000000 400593FC 
                       GPIO_PORTB_AHB_DATA_R
                               EQU              0x400593FC
   97 00000000 00000002 
                       GPIO_PORTB
                               EQU              2_000000000000010
   98 00000000         
   99 00000000         ; ------------------------------------------------------
                       -------------------------
  100 00000000         ; Área de Código - Tudo abaixo da diretiva a seguir será
                        armazenado na memória de 
  101 00000000         ;                  código
  102 00000000                 AREA             |.text|, CODE, READONLY, ALIGN=
2
  103 00000000         
  104 00000000         ; Se alguma função do arquivo for chamada em outro arqui
                       vo 
  105 00000000                 EXPORT           GPIO_Init   ; Permite chamar GP
                                                            IO_Init de outro ar
                                                            quivo
  106 00000000                 EXPORT           PortQ_Output ; Permite chamar P
                                                            ortF_Output de outr
                                                            o arquivo
  107 00000000                 EXPORT           PortK_Output ; Permite chamar P
                                                            ortJ_Input de outro
                                                             arquivo
  108 00000000                 EXPORT           PortB_Output ; Permite chamar P
                                                            ortJ_Input de outro
                                                             arquivo
  109 00000000                 EXPORT           PortJ_Input ; Permite chamar Po
                                                            rtJ_Input de outro 
                                                            arquivo
  110 00000000                 EXPORT           PortM_Output ; Permite chamar P
                                                            ortJ_Input de outro
                                                             arquivo
  111 00000000                 EXPORT           PortM_Input ; Permite chamar Po
                                                            rtJ_Input de outro 
                                                            arquivo
  112 00000000         
  113 00000000         
  114 00000000         ;-------------------------------------------------------
                       -------------------------
  115 00000000         ; Função GPIO_Init
  116 00000000         ; Parâmetro de entrada: Não tem
  117 00000000         ; Parâmetro de saída: Não tem
  118 00000000         GPIO_Init
  119 00000000         ;=====================
  120 00000000         ; 1. Ativar o clock para a porta setando o bit correspon
                       dente no registrador RCGCGPIO,
  121 00000000         ; após isso verificar no PRGPIO se a porta está pronta p
                       ara uso.
  122 00000000         ; enable clock to GPIOF at clock gating register
  123 00000000 482B            LDR              R0, =SYSCTL_RCGCGPIO_R ;Carrega
                                                             o endereço do regi
                                                            strador RCGCGPIO



ARM Macro Assembler    Page 6 


  124 00000002 F44F 7100       MOV              R1, #GPIO_PORTK ;Seta o bit da 
                                                            porta F
  125 00000006         ;   ORR     R1, #GPIO_PORTQ     ;Seta o bit da porta J, 
                       fazendo com OR
  126 00000006         ;   ORR     R1, #GPIO_PORTB     ;Seta o bit da porta J, 
                       fazendo com OR
  127 00000006         ;           ORR     R1, #GPIO_PORTJ     ;Seta o bit da p
                       orta J, fazendo com OR
  128 00000006 F441 6100       ORR              R1, #GPIO_PORTM ;Seta o bit da 
                                                            porta J, fazendo co
                                                            m OR
  129 0000000A 6001            STR              R1, [R0]    ;Move para a memóri
                                                            a os bits das porta
                                                            s no endereço do RC
                                                            GCGPIO
  130 0000000C         
  131 0000000C 4829            LDR              R0, =SYSCTL_PRGPIO_R ;Carrega o
                                                             endereço do PRGPIO
                                                             para esperar os GP
                                                            IO ficarem prontos
  132 0000000E 6801    EsperaGPIO
                               LDR              R1, [R0]    ;Lê da memória o co
                                                            nteúdo do endereço 
                                                            do registrador
  133 00000010 F44F 7200       MOV              R2, #GPIO_PORTK ;Seta os bits c
                                                            orrespondentes às p
                                                            ortas para fazer a 
                                                            comparação
  134 00000014         ;   ORR     R2, #GPIO_PORTQ                 ;Seta o bit 
                       da porta J, fazendo com OR
  135 00000014         ;   ORR     R2, #GPIO_PORTB     ;Seta o bit da porta J, 
                       fazendo com OR
  136 00000014         ;           ORR     R2, #GPIO_PORTJ     ;Seta o bit da p
                       orta J, fazendo com OR
  137 00000014 F442 6200       ORR              R2, #GPIO_PORTM ;Seta o bit da 
                                                            porta J, fazendo co
                                                            m OR
  138 00000018 4211            TST              R1, R2      ;ANDS de R1 com R2
  139 0000001A D0F8            BEQ              EsperaGPIO  ;Se o flag Z=1, vol
                                                            ta para o laço. Sen
                                                            ão continua executa
                                                            ndo
  140 0000001C         
  141 0000001C         ; 2. Limpar o AMSEL para desabilitar a analógica
  142 0000001C F04F 0100       MOV              R1, #0x00   ;Colocar 0 no regis
                                                            trador para desabil
                                                            itar a função analó
                                                            gica
  143 00000020 4825            LDR              R0, =GPIO_PORTK_AHB_AMSEL_R ;Ca
                                                            rrega o R0 com o en
                                                            dereço do AMSEL par
                                                            a a porta J
  144 00000022 6001            STR              R1, [R0]    ;Guarda no registra
                                                            dor AMSEL da porta 
                                                            J da memória
  145 00000024         ;           LDR     R0, =GPIO_PORTJ_AHB_AMSEL_R     ;Car
                       rega o R0 com o endereço do AMSEL para a porta J
  146 00000024         ;           STR     R1, [R0]      ;Guarda no registrador
                        AMSEL da porta J da memória



ARM Macro Assembler    Page 7 


  147 00000024         ;           LDR     R0, =GPIO_PORTQ_AHB_AMSEL_R  ;Carreg
                       a o R0 com o endereço do AMSEL para a porta F
  148 00000024         ;           STR     R1, [R0]         ;Guarda no registra
                       dor AMSEL da porta F da memória
  149 00000024         ;   LDR     R0, =GPIO_PORTB_AHB_AMSEL_R  ;Carrega o R0 c
                       om o endereço do AMSEL para a porta F
  150 00000024         ;           STR     R1, [R0]         ;Guarda no registra
                       dor AMSEL da porta F da memória
  151 00000024 4825            LDR              R0, =GPIO_PORTM_AHB_AMSEL_R ;Ca
                                                            rrega o R0 com o en
                                                            dereço do AMSEL par
                                                            a a porta F
  152 00000026 6001            STR              R1, [R0]    ;Guarda no registra
                                                            dor AMSEL da porta 
                                                            F da memória
  153 00000028         
  154 00000028         ; 3. Limpar PCTL para selecionar o GPIO
  155 00000028 F04F 0100       MOV              R1, #0x00   ;Colocar 0 no regis
                                                            trador para selecio
                                                            nar o modo GPIO
  156 0000002C 4824            LDR              R0, =GPIO_PORTK_AHB_PCTL_R ;Car
                                                            rega o R0 com o end
                                                            ereço do PCTL para 
                                                            a porta J
  157 0000002E 6001            STR              R1, [R0]    ;Guarda no registra
                                                            dor PCTL da porta J
                                                             da memória
  158 00000030         ;            LDR     R0, =GPIO_PORTJ_AHB_PCTL_R  ;Carreg
                       a o R0 com o endereço do PCTL para a porta J
  159 00000030         ;            STR     R1, [R0]                        ;Gu
                       arda no registrador PCTL da porta J da memória
  160 00000030         ;            LDR     R0, =GPIO_PORTQ_AHB_PCTL_R      ;Ca
                       rrega o R0 com o endereço do PCTL para a porta F
  161 00000030         ;            STR     R1, [R0]                        ;Gu
                       arda no registrador PCTL da porta F da memória
  162 00000030         ;   LDR     R0, =GPIO_PORTB_AHB_PCTL_R      ;Carrega o R
                       0 com o endereço do PCTL para a porta F
  163 00000030         ;            STR     R1, [R0]                        ;Gu
                       arda no registrador PCTL da porta F da memória
  164 00000030 4824            LDR              R0, =GPIO_PORTM_AHB_PCTL_R ;Car
                                                            rega o R0 com o end
                                                            ereço do PCTL para 
                                                            a porta F
  165 00000032 6001            STR              R1, [R0]    ;Guarda no registra
                                                            dor PCTL da porta F
                                                             da memória
  166 00000034         
  167 00000034         ; 4. DIR para 0 se for entrada, 1 se for saída
  168 00000034         ;           LDR     R0, =GPIO_PORTA_AHB_DIR_R  ;Carrega 
                       o R0 com o endereço do DIR para a porta F
  169 00000034         ;   MOV     R1, #0XF0      ;Colocar 0 no registrador DIR
                        para funcionar com saída
  170 00000034         ;            STR     R1, [R0]      ;Guarda no registrado
                       r
  171 00000034 4824            LDR              R0, =GPIO_PORTK_AHB_DIR_R ;Carr
                                                            ega o R0 com o ende
                                                            reço do DIR para a 
                                                            porta F
  172 00000036 F04F 01FF       MOV              R1, #0XFF   ;Colocar 0 no regis



ARM Macro Assembler    Page 8 


                                                            trador DIR para fun
                                                            cionar com saída
  173 0000003A 6001            STR              R1, [R0]    ;Guarda no registra
                                                            dor
  174 0000003C         ; O certo era verificar os outros bits da PF para não tr
                       ansformar entradas em saídas desnecessárias
  175 0000003C         ;            LDR     R0, =GPIO_PORTQ_AHB_DIR_R  ;Carrega
                        o R0 com o endereço do DIR para a porta J
  176 0000003C         ;            MOV     R1, #0x0F                 ;Colocar 
                       0 no registrador DIR para funcionar com saída
  177 0000003C         ;            STR     R1, [R0]      ;Guarda no registrado
                       r PCTL da porta J da memória
  178 0000003C         ;   LDR     R0, =GPIO_PORTJ_AHB_DIR_R  ;Carrega o R0 com
                        o endereço do DIR para a porta J
  179 0000003C         ;            MOV     R1, #0x00                 ;Colocar 
                       0 no registrador DIR para funcionar com saída
  180 0000003C         ;            STR     R1, [R0]      ;Guarda no registrado
                       r PCTL da porta J da memória
  181 0000003C         ;   LDR     R0, =GPIO_PORTB_AHB_DIR_R  ;Carrega o R0 com
                        o endereço do DIR para a porta J
  182 0000003C         ;            MOV     R1, #0x30                 ;Colocar 
                       0 no registrador DIR para funcionar com saída
  183 0000003C         ;            STR     R1, [R0]      ;Guarda no registrado
                       r PCTL da porta J da memória
  184 0000003C 4823            LDR              R0, =GPIO_PORTM_AHB_DIR_R ;Carr
                                                            ega o R0 com o ende
                                                            reço do DIR para a 
                                                            porta J
  185 0000003E F04F 0107       MOV              R1, #0x07   ;Colocar 0 no regis
                                                            trador DIR para fun
                                                            cionar com saída 01
                                                            000000
  186 00000042 6001            STR              R1, [R0]    ;Guarda no registra
                                                            dor PCTL da porta J
                                                             da memória
  187 00000044         ; 5. Limpar os bits AFSEL para 0 para selecionar GPIO 
  188 00000044         ;    Sem função alternativa
  189 00000044 F04F 0100       MOV              R1, #0x00   ;Colocar o valor 0 
                                                            para não setar funç
                                                            ão alternativa
  190 00000048 4821            LDR              R0, =GPIO_PORTK_AHB_AFSEL_R ;Ca
                                                            rrega o endereço do
                                                             AFSEL da porta F
  191 0000004A 6001            STR              R1, [R0]    ;Escreve na porta
  192 0000004C         ;            LDR     R0, =GPIO_PORTJ_AHB_AFSEL_R  ;Carre
                       ga o endereço do AFSEL da porta F
  193 0000004C         ;            STR     R1, [R0]      ;Escreve na porta
  194 0000004C         ;            LDR     R0, =GPIO_PORTQ_AHB_AFSEL_R     ;Ca
                       rrega o endereço do AFSEL da porta J
  195 0000004C         ;            STR     R1, [R0]                        ;Es
                       creve na porta
  196 0000004C         ;   LDR     R0, =GPIO_PORTB_AHB_AFSEL_R     ;Carrega o e
                       ndereço do AFSEL da porta J
  197 0000004C         ;            STR     R1, [R0]                        ;Es
                       creve na porta
  198 0000004C 4821            LDR              R0, =GPIO_PORTM_AHB_AFSEL_R ;Ca
                                                            rrega o endereço do
                                                             AFSEL da porta J
  199 0000004E 6001            STR              R1, [R0]    ;Escreve na porta



ARM Macro Assembler    Page 9 


  200 00000050         ; 6. Setar os bits de DEN para habilitar I/O digital
  201 00000050 4821            LDR              R0, =GPIO_PORTK_AHB_DEN_R ;Carr
                                                            ega o endereço do D
                                                            EN
  202 00000052 F04F 01FF       MOV              R1, #2_11111111 ;Ativa os pinos
                                                             PA4 a PA7 como I/O
                                                             Digital
  203 00000056 6001            STR              R1, [R0]    ;Escreve no registr
                                                            ador da memória fun
                                                            cionalidade digital
                                                             
  204 00000058         
  205 00000058         ;            LDR     R0, =GPIO_PORTQ_AHB_DEN_R   ;Carreg
                       a o endereço do DEN
  206 00000058         ;   MOV     R1, #2_00001111                     ;Ativa o
                       s pinos PQ0 a PQ3 como I/O Digital      
  207 00000058         ;            STR     R1, [R0]                           
                        ;Escreve no registrador da memória funcionalidade digit
                       al
  208 00000058         
  209 00000058         ;   LDR     R0, =GPIO_PORTB_AHB_DEN_R   ;Carrega o ender
                       eço do DEN
  210 00000058         ;   MOV     R1, #2_00110000                     ;Ativa o
                       s pinos PQ0 a PQ3 como I/O Digital      
  211 00000058         ;            STR     R1, [R0]                           
                        ;Escreve no registrador da memória funcionalidade digit
                       al
  212 00000058         
  213 00000058         ;   LDR     R0, =GPIO_PORTJ_AHB_DEN_R   ;Carrega o ender
                       eço do DEN
  214 00000058         ;   MOV     R1, #2_00000011                     ;Ativa o
                       s pinos PQ0 a PQ3 como I/O Digital      
  215 00000058         ;            STR     R1, [R0]                           
                        ;Escreve no registrador da memória funcionalidade digit
                       al
  216 00000058         
  217 00000058 4820            LDR              R0, =GPIO_PORTM_AHB_DEN_R ;Carr
                                                            ega o endereço do D
                                                            EN
  218 0000005A F04F 0107       MOV              R1, #2_00000111 ;Ativa os pinos
                                                             PQ0 a PQ3 como I/O
                                                             Digital      
  219 0000005E 6001            STR              R1, [R0]    ;Escreve no registr
                                                            ador da memória fun
                                                            cionalidade digital
                                                            
  220 00000060         ; 7. Para habilitar resistor de pull-up interno, setar P
                       UR para 1
  221 00000060         ;   LDR     R0, =GPIO_PORTJ_AHB_PUR_R   ;Carrega o ender
                       eço do PUR para a porta J
  222 00000060         ;   MOV     R1, #2_00000011      ;Habilitar funcionalida
                       de digital de resistor de pull-up 
  223 00000060         ;nos bits 0 e 1
  224 00000060         ;            STR     R1, [R0]       ;Escreve no registra
                       dor da memória do resistor de pull-up
  225 00000060         
  226 00000060         
  227 00000060         ;retorno            
  228 00000060 4770            BX               LR



ARM Macro Assembler    Page 10 


  229 00000062         
  230 00000062         ; ------------------------------------------------------
                       -------------------------
  231 00000062         ; Função PortA_Output
  232 00000062         ; Parâmetro de entrada: R0 --> dados de entrada no LCD
  233 00000062         ; Parâmetro de saída: Não tem
  234 00000062         
  235 00000062         PortK_Output
  236 00000062 491F            LDR              R1, =GPIO_PORTK_AHB_DATA_R ;Car
                                                            rega o valor do off
                                                            set do data registe
                                                            r
  237 00000064         ;Read-Modify-Write para escrita
  238 00000064 680A            LDR              R2, [R1]
  239 00000066 F022 02FF       BIC              R2, #2_11111111 ;Primeiro limpa
                                                            mos o bit do lido d
                                                            a porta R3 = R3 & 1
                                                            1111110
  240 0000006A EA40 0002       ORR              R0, R0, R2  ;Fazer o OR do lido
                                                             pela porta com o p
                                                            arâmetro de entrada
                                                            
  241 0000006E 6008            STR              R0, [R1]    ;Escreve na porta F
                                                             o barramento de da
                                                            dos dos pinos F0
  242 00000070 4770            BX               LR
  243 00000072         
  244 00000072         ; Função PortA_Output
  245 00000072         ; Parâmetro de entrada: R0 --> se os BIT0 estão ligado o
                       u desligado
  246 00000072         ; Parâmetro de saída: Não tem
  247 00000072         
  248 00000072         PortB_Output
  249 00000072 491C            LDR              R1, =GPIO_PORTB_AHB_DATA_R ;Car
                                                            rega o valor do off
                                                            set do data registe
                                                            r
  250 00000074         ;Read-Modify-Write para escrita
  251 00000074 680A            LDR              R2, [R1]
  252 00000076 F022 0230       BIC              R2, #2_00110000 ;Primeiro limpa
                                                            mos o bit do lido d
                                                            a porta R3 = R3 & 1
                                                            1111110
  253 0000007A EA40 0002       ORR              R0, R0, R2  ;Fazer o OR do lido
                                                             pela porta com o p
                                                            arâmetro de entrada
                                                            
  254 0000007E 6008            STR              R0, [R1]    ;Escreve na porta F
                                                             o barramento de da
                                                            dos dos pinos F0
  255 00000080 4770            BX               LR
  256 00000082         
  257 00000082         ; ------------------------------------------------------
                       -------------------------
  258 00000082         ; Função PortQ_Output
  259 00000082         ; Parâmetro de entrada: R0 --> se os BIT0 estão ligado o
                       u desligado
  260 00000082         ; Parâmetro de saída: Não tem
  261 00000082         



ARM Macro Assembler    Page 11 


  262 00000082         PortQ_Output
  263 00000082 4919            LDR              R1, =GPIO_PORTQ_AHB_DATA_R ;Car
                                                            rega o valor do off
                                                            set do data registe
                                                            r
  264 00000084         ;Read-Modify-Write para escrita
  265 00000084 680A            LDR              R2, [R1]
  266 00000086 F022 020F       BIC              R2, #2_00001111 ;Primeiro limpa
                                                            mos o bit do lido d
                                                            a porta R3 = R3 & 1
                                                            1111110
  267 0000008A EA40 0002       ORR              R0, R0, R2  ;Fazer o OR do lido
                                                             pela porta com o p
                                                            arâmetro de entrada
                                                            
  268 0000008E 6008            STR              R0, [R1]    ;Escreve na porta F
                                                             o barramento de da
                                                            dos dos pinos F0
  269 00000090 4770            BX               LR
  270 00000092         
  271 00000092         ; ------------------------------------------------------
                       -------------------------
  272 00000092         ; Função PortM_Output
  273 00000092         ; Parâmetro de entrada: R0 --> Controla EN, R/W e R
  274 00000092         ; Parâmetro de saída: Não tem
  275 00000092         PortM_Output
  276 00000092 4916            LDR              R1, =GPIO_PORTM_AHB_DATA_R ;Car
                                                            rega o valor do off
                                                            set do data registe
                                                            r
  277 00000094         ;Read-Modify-Write para escrita
  278 00000094 680A            LDR              R2, [R1]
  279 00000096 F022 0207       BIC              R2, #2_00000111 ;Primeiro limpa
                                                            mos o bit do lido d
                                                            a porta R3 = R3 & 1
                                                            1111110
  280 0000009A EA40 0002       ORR              R0, R0, R2  ;Fazer o OR do lido
                                                             pela porta com o p
                                                            arâmetro de entrada
                                                            
  281 0000009E 6008            STR              R0, [R1]    ;Escreve na porta F
                                                             o barramento de da
                                                            dos dos pinos F0
  282 000000A0 4770            BX               LR
  283 000000A2         
  284 000000A2         ; ------------------------------------------------------
                       -------------------------
  285 000000A2         ; Função PortJ_Input
  286 000000A2         ; Parâmetro de entrada: Não tem
  287 000000A2         ; Parâmetro de saída: R0 --> o valor da leitura
  288 000000A2         PortJ_Input
  289 000000A2 4913            LDR              R1, =GPIO_PORTJ_AHB_DATA_R ;Car
                                                            rega o valor do off
                                                            set do data registe
                                                            r
  290 000000A4         ;Read-Modify-Write para escrita
  291 000000A4 6808            LDR              R0, [R1]    ;Carrega em R0 o va
                                                            lor da leitura da p
                                                            orta J



ARM Macro Assembler    Page 12 


  292 000000A6 4770            BX               LR
  293 000000A8         
  294 000000A8         ; ------------------------------------------------------
                       -------------------------
  295 000000A8         ; Função PortM_Input
  296 000000A8         ; Parâmetro de entrada: Não tem
  297 000000A8         ; Parâmetro de saída: R0 --> o valor da leitura
  298 000000A8         PortM_Input
  299 000000A8 4910            LDR              R1, =GPIO_PORTM_AHB_DATA_R ;Car
                                                            rega o valor do off
                                                            set do data registe
                                                            r
  300 000000AA         ;Read-Modify-Write para escrita
  301 000000AA 6808            LDR              R0, [R1]    ;Carrega em R0 o va
                                                            lor da leitura da p
                                                            orta J
  302 000000AC 4770            BX               LR
  303 000000AE         
  304 000000AE         
  305 000000AE 00 00           ALIGN                        ; garante que o fim
                                                             da seção está alin
                                                            hada 
  306 000000B0                 END                          ; fim do arquivo
              400FE608 
              400FEA08 
              40061528 
              40063528 
              4006152C 
              4006352C 
              40061400 
              40063400 
              40061420 
              40063420 
              4006151C 
              4006351C 
              400613FC 
              400593FC 
              400663FC 
              400633FC 
              400603FC 
Command Line: --debug --xref --diag_suppress=9931 --cpu=Cortex-M4.fp --apcs=int
erwork --depend=.\objects\gpio.d -o.\objects\gpio.o -I.\RTE\_Target_1 -IC:\Keil
_v5\ARM\PACK\Keil\TM4C_DFP\1.1.0\Device\Include\TM4C129 -IC:\Keil_v5\ARM\CMSIS\
Include --predefine="__EVAL SETA 1" --predefine="__UVISION_VERSION SETA 526" --
predefine="TM4C1294NCPDT SETA 1" --list=.\listings\gpio.lst gpio.s



ARM Macro Assembler    Page 1 Alphabetic symbol ordering
Relocatable symbols

.text 00000000

Symbol: .text
   Definitions
      At line 102 in file gpio.s
   Uses
      None
Comment: .text unused
EsperaGPIO 0000000E

Symbol: EsperaGPIO
   Definitions
      At line 132 in file gpio.s
   Uses
      At line 139 in file gpio.s
Comment: EsperaGPIO used once
GPIO_Init 00000000

Symbol: GPIO_Init
   Definitions
      At line 118 in file gpio.s
   Uses
      At line 105 in file gpio.s
Comment: GPIO_Init used once
PortB_Output 00000072

Symbol: PortB_Output
   Definitions
      At line 248 in file gpio.s
   Uses
      At line 108 in file gpio.s
Comment: PortB_Output used once
PortJ_Input 000000A2

Symbol: PortJ_Input
   Definitions
      At line 288 in file gpio.s
   Uses
      At line 109 in file gpio.s
Comment: PortJ_Input used once
PortK_Output 00000062

Symbol: PortK_Output
   Definitions
      At line 235 in file gpio.s
   Uses
      At line 107 in file gpio.s
Comment: PortK_Output used once
PortM_Input 000000A8

Symbol: PortM_Input
   Definitions
      At line 298 in file gpio.s
   Uses
      At line 111 in file gpio.s
Comment: PortM_Input used once
PortM_Output 00000092

Symbol: PortM_Output



ARM Macro Assembler    Page 2 Alphabetic symbol ordering
Relocatable symbols

   Definitions
      At line 275 in file gpio.s
   Uses
      At line 110 in file gpio.s
Comment: PortM_Output used once
PortQ_Output 00000082

Symbol: PortQ_Output
   Definitions
      At line 262 in file gpio.s
   Uses
      At line 106 in file gpio.s
Comment: PortQ_Output used once
9 symbols



ARM Macro Assembler    Page 1 Alphabetic symbol ordering
Absolute symbols

BIT0 00000001

Symbol: BIT0
   Definitions
      At line 13 in file gpio.s
   Uses
      None
Comment: BIT0 unused
BIT1 00000002

Symbol: BIT1
   Definitions
      At line 14 in file gpio.s
   Uses
      None
Comment: BIT1 unused
GPIO_PORTA 00000001

Symbol: GPIO_PORTA
   Definitions
      At line 75 in file gpio.s
   Uses
      None
Comment: GPIO_PORTA unused
GPIO_PORTA_AHB_AFSEL_R 40058420

Symbol: GPIO_PORTA_AHB_AFSEL_R
   Definitions
      At line 71 in file gpio.s
   Uses
      None
Comment: GPIO_PORTA_AHB_AFSEL_R unused
GPIO_PORTA_AHB_AMSEL_R 40058528

Symbol: GPIO_PORTA_AHB_AMSEL_R
   Definitions
      At line 68 in file gpio.s
   Uses
      None
Comment: GPIO_PORTA_AHB_AMSEL_R unused
GPIO_PORTA_AHB_CR_R 40058524

Symbol: GPIO_PORTA_AHB_CR_R
   Definitions
      At line 67 in file gpio.s
   Uses
      None
Comment: GPIO_PORTA_AHB_CR_R unused
GPIO_PORTA_AHB_DATA_R 400583FC

Symbol: GPIO_PORTA_AHB_DATA_R
   Definitions
      At line 74 in file gpio.s
   Uses
      None
Comment: GPIO_PORTA_AHB_DATA_R unused
GPIO_PORTA_AHB_DEN_R 4005851C

Symbol: GPIO_PORTA_AHB_DEN_R



ARM Macro Assembler    Page 2 Alphabetic symbol ordering
Absolute symbols

   Definitions
      At line 72 in file gpio.s
   Uses
      None
Comment: GPIO_PORTA_AHB_DEN_R unused
GPIO_PORTA_AHB_DIR_R 40058400

Symbol: GPIO_PORTA_AHB_DIR_R
   Definitions
      At line 70 in file gpio.s
   Uses
      None
Comment: GPIO_PORTA_AHB_DIR_R unused
GPIO_PORTA_AHB_LOCK_R 40058520

Symbol: GPIO_PORTA_AHB_LOCK_R
   Definitions
      At line 66 in file gpio.s
   Uses
      None
Comment: GPIO_PORTA_AHB_LOCK_R unused
GPIO_PORTA_AHB_PCTL_R 4005852C

Symbol: GPIO_PORTA_AHB_PCTL_R
   Definitions
      At line 69 in file gpio.s
   Uses
      None
Comment: GPIO_PORTA_AHB_PCTL_R unused
GPIO_PORTA_AHB_PUR_R 40058510

Symbol: GPIO_PORTA_AHB_PUR_R
   Definitions
      At line 73 in file gpio.s
   Uses
      None
Comment: GPIO_PORTA_AHB_PUR_R unused
GPIO_PORTB 00000002

Symbol: GPIO_PORTB
   Definitions
      At line 97 in file gpio.s
   Uses
      None
Comment: GPIO_PORTB unused
GPIO_PORTB_AHB_AFSEL_R 40059420

Symbol: GPIO_PORTB_AHB_AFSEL_R
   Definitions
      At line 93 in file gpio.s
   Uses
      None
Comment: GPIO_PORTB_AHB_AFSEL_R unused
GPIO_PORTB_AHB_AMSEL_R 40059528

Symbol: GPIO_PORTB_AHB_AMSEL_R
   Definitions
      At line 90 in file gpio.s
   Uses



ARM Macro Assembler    Page 3 Alphabetic symbol ordering
Absolute symbols

      None
Comment: GPIO_PORTB_AHB_AMSEL_R unused
GPIO_PORTB_AHB_CR_R 40059524

Symbol: GPIO_PORTB_AHB_CR_R
   Definitions
      At line 89 in file gpio.s
   Uses
      None
Comment: GPIO_PORTB_AHB_CR_R unused
GPIO_PORTB_AHB_DATA_R 400593FC

Symbol: GPIO_PORTB_AHB_DATA_R
   Definitions
      At line 96 in file gpio.s
   Uses
      At line 249 in file gpio.s
Comment: GPIO_PORTB_AHB_DATA_R used once
GPIO_PORTB_AHB_DEN_R 4005951C

Symbol: GPIO_PORTB_AHB_DEN_R
   Definitions
      At line 94 in file gpio.s
   Uses
      None
Comment: GPIO_PORTB_AHB_DEN_R unused
GPIO_PORTB_AHB_DIR_R 40059400

Symbol: GPIO_PORTB_AHB_DIR_R
   Definitions
      At line 92 in file gpio.s
   Uses
      None
Comment: GPIO_PORTB_AHB_DIR_R unused
GPIO_PORTB_AHB_LOCK_R 40059520

Symbol: GPIO_PORTB_AHB_LOCK_R
   Definitions
      At line 88 in file gpio.s
   Uses
      None
Comment: GPIO_PORTB_AHB_LOCK_R unused
GPIO_PORTB_AHB_PCTL_R 4005952C

Symbol: GPIO_PORTB_AHB_PCTL_R
   Definitions
      At line 91 in file gpio.s
   Uses
      None
Comment: GPIO_PORTB_AHB_PCTL_R unused
GPIO_PORTB_AHB_PUR_R 40059510

Symbol: GPIO_PORTB_AHB_PUR_R
   Definitions
      At line 95 in file gpio.s
   Uses
      None
Comment: GPIO_PORTB_AHB_PUR_R unused
GPIO_PORTF 00000020



ARM Macro Assembler    Page 4 Alphabetic symbol ordering
Absolute symbols


Symbol: GPIO_PORTF
   Definitions
      At line 64 in file gpio.s
   Uses
      None
Comment: GPIO_PORTF unused
GPIO_PORTF_AHB_AFSEL_R 4005D420

Symbol: GPIO_PORTF_AHB_AFSEL_R
   Definitions
      At line 60 in file gpio.s
   Uses
      None
Comment: GPIO_PORTF_AHB_AFSEL_R unused
GPIO_PORTF_AHB_AMSEL_R 4005D528

Symbol: GPIO_PORTF_AHB_AMSEL_R
   Definitions
      At line 57 in file gpio.s
   Uses
      None
Comment: GPIO_PORTF_AHB_AMSEL_R unused
GPIO_PORTF_AHB_CR_R 4005D524

Symbol: GPIO_PORTF_AHB_CR_R
   Definitions
      At line 56 in file gpio.s
   Uses
      None
Comment: GPIO_PORTF_AHB_CR_R unused
GPIO_PORTF_AHB_DATA_R 4005D3FC

Symbol: GPIO_PORTF_AHB_DATA_R
   Definitions
      At line 63 in file gpio.s
   Uses
      None
Comment: GPIO_PORTF_AHB_DATA_R unused
GPIO_PORTF_AHB_DEN_R 4005D51C

Symbol: GPIO_PORTF_AHB_DEN_R
   Definitions
      At line 61 in file gpio.s
   Uses
      None
Comment: GPIO_PORTF_AHB_DEN_R unused
GPIO_PORTF_AHB_DIR_R 4005D400

Symbol: GPIO_PORTF_AHB_DIR_R
   Definitions
      At line 59 in file gpio.s
   Uses
      None
Comment: GPIO_PORTF_AHB_DIR_R unused
GPIO_PORTF_AHB_LOCK_R 4005D520

Symbol: GPIO_PORTF_AHB_LOCK_R
   Definitions



ARM Macro Assembler    Page 5 Alphabetic symbol ordering
Absolute symbols

      At line 55 in file gpio.s
   Uses
      None
Comment: GPIO_PORTF_AHB_LOCK_R unused
GPIO_PORTF_AHB_PCTL_R 4005D52C

Symbol: GPIO_PORTF_AHB_PCTL_R
   Definitions
      At line 58 in file gpio.s
   Uses
      None
Comment: GPIO_PORTF_AHB_PCTL_R unused
GPIO_PORTF_AHB_PUR_R 4005D510

Symbol: GPIO_PORTF_AHB_PUR_R
   Definitions
      At line 62 in file gpio.s
   Uses
      None
Comment: GPIO_PORTF_AHB_PUR_R unused
GPIO_PORTJ 00000100

Symbol: GPIO_PORTJ
   Definitions
      At line 53 in file gpio.s
   Uses
      None
Comment: GPIO_PORTJ unused
GPIO_PORTJ_AHB_AFSEL_R 40060420

Symbol: GPIO_PORTJ_AHB_AFSEL_R
   Definitions
      At line 49 in file gpio.s
   Uses
      None
Comment: GPIO_PORTJ_AHB_AFSEL_R unused
GPIO_PORTJ_AHB_AMSEL_R 40060528

Symbol: GPIO_PORTJ_AHB_AMSEL_R
   Definitions
      At line 46 in file gpio.s
   Uses
      None
Comment: GPIO_PORTJ_AHB_AMSEL_R unused
GPIO_PORTJ_AHB_CR_R 40060524

Symbol: GPIO_PORTJ_AHB_CR_R
   Definitions
      At line 45 in file gpio.s
   Uses
      None
Comment: GPIO_PORTJ_AHB_CR_R unused
GPIO_PORTJ_AHB_DATA_R 400603FC

Symbol: GPIO_PORTJ_AHB_DATA_R
   Definitions
      At line 52 in file gpio.s
   Uses
      At line 289 in file gpio.s



ARM Macro Assembler    Page 6 Alphabetic symbol ordering
Absolute symbols

Comment: GPIO_PORTJ_AHB_DATA_R used once
GPIO_PORTJ_AHB_DEN_R 4006051C

Symbol: GPIO_PORTJ_AHB_DEN_R
   Definitions
      At line 50 in file gpio.s
   Uses
      None
Comment: GPIO_PORTJ_AHB_DEN_R unused
GPIO_PORTJ_AHB_DIR_R 40060400

Symbol: GPIO_PORTJ_AHB_DIR_R
   Definitions
      At line 48 in file gpio.s
   Uses
      None
Comment: GPIO_PORTJ_AHB_DIR_R unused
GPIO_PORTJ_AHB_LOCK_R 40060520

Symbol: GPIO_PORTJ_AHB_LOCK_R
   Definitions
      At line 44 in file gpio.s
   Uses
      None
Comment: GPIO_PORTJ_AHB_LOCK_R unused
GPIO_PORTJ_AHB_PCTL_R 4006052C

Symbol: GPIO_PORTJ_AHB_PCTL_R
   Definitions
      At line 47 in file gpio.s
   Uses
      None
Comment: GPIO_PORTJ_AHB_PCTL_R unused
GPIO_PORTJ_AHB_PUR_R 40060510

Symbol: GPIO_PORTJ_AHB_PUR_R
   Definitions
      At line 51 in file gpio.s
   Uses
      None
Comment: GPIO_PORTJ_AHB_PUR_R unused
GPIO_PORTK 00000200

Symbol: GPIO_PORTK
   Definitions
      At line 42 in file gpio.s
   Uses
      At line 124 in file gpio.s
      At line 133 in file gpio.s

GPIO_PORTK_AHB_AFSEL_R 40061420

Symbol: GPIO_PORTK_AHB_AFSEL_R
   Definitions
      At line 38 in file gpio.s
   Uses
      At line 190 in file gpio.s
Comment: GPIO_PORTK_AHB_AFSEL_R used once
GPIO_PORTK_AHB_AMSEL_R 40061528



ARM Macro Assembler    Page 7 Alphabetic symbol ordering
Absolute symbols


Symbol: GPIO_PORTK_AHB_AMSEL_R
   Definitions
      At line 35 in file gpio.s
   Uses
      At line 143 in file gpio.s
Comment: GPIO_PORTK_AHB_AMSEL_R used once
GPIO_PORTK_AHB_CR_R 40061524

Symbol: GPIO_PORTK_AHB_CR_R
   Definitions
      At line 34 in file gpio.s
   Uses
      None
Comment: GPIO_PORTK_AHB_CR_R unused
GPIO_PORTK_AHB_DATA_R 400613FC

Symbol: GPIO_PORTK_AHB_DATA_R
   Definitions
      At line 41 in file gpio.s
   Uses
      At line 236 in file gpio.s
Comment: GPIO_PORTK_AHB_DATA_R used once
GPIO_PORTK_AHB_DEN_R 4006151C

Symbol: GPIO_PORTK_AHB_DEN_R
   Definitions
      At line 39 in file gpio.s
   Uses
      At line 201 in file gpio.s
Comment: GPIO_PORTK_AHB_DEN_R used once
GPIO_PORTK_AHB_DIR_R 40061400

Symbol: GPIO_PORTK_AHB_DIR_R
   Definitions
      At line 37 in file gpio.s
   Uses
      At line 171 in file gpio.s
Comment: GPIO_PORTK_AHB_DIR_R used once
GPIO_PORTK_AHB_LOCK_R 40061520

Symbol: GPIO_PORTK_AHB_LOCK_R
   Definitions
      At line 33 in file gpio.s
   Uses
      None
Comment: GPIO_PORTK_AHB_LOCK_R unused
GPIO_PORTK_AHB_PCTL_R 4006152C

Symbol: GPIO_PORTK_AHB_PCTL_R
   Definitions
      At line 36 in file gpio.s
   Uses
      At line 156 in file gpio.s
Comment: GPIO_PORTK_AHB_PCTL_R used once
GPIO_PORTK_AHB_PUR_R 40061510

Symbol: GPIO_PORTK_AHB_PUR_R
   Definitions



ARM Macro Assembler    Page 8 Alphabetic symbol ordering
Absolute symbols

      At line 40 in file gpio.s
   Uses
      None
Comment: GPIO_PORTK_AHB_PUR_R unused
GPIO_PORTM 00000800

Symbol: GPIO_PORTM
   Definitions
      At line 31 in file gpio.s
   Uses
      At line 128 in file gpio.s
      At line 137 in file gpio.s

GPIO_PORTM_AHB_AFSEL_R 40063420

Symbol: GPIO_PORTM_AHB_AFSEL_R
   Definitions
      At line 27 in file gpio.s
   Uses
      At line 198 in file gpio.s
Comment: GPIO_PORTM_AHB_AFSEL_R used once
GPIO_PORTM_AHB_AMSEL_R 40063528

Symbol: GPIO_PORTM_AHB_AMSEL_R
   Definitions
      At line 24 in file gpio.s
   Uses
      At line 151 in file gpio.s
Comment: GPIO_PORTM_AHB_AMSEL_R used once
GPIO_PORTM_AHB_CR_R 40063524

Symbol: GPIO_PORTM_AHB_CR_R
   Definitions
      At line 23 in file gpio.s
   Uses
      None
Comment: GPIO_PORTM_AHB_CR_R unused
GPIO_PORTM_AHB_DATA_R 400633FC

Symbol: GPIO_PORTM_AHB_DATA_R
   Definitions
      At line 30 in file gpio.s
   Uses
      At line 276 in file gpio.s
      At line 299 in file gpio.s

GPIO_PORTM_AHB_DEN_R 4006351C

Symbol: GPIO_PORTM_AHB_DEN_R
   Definitions
      At line 28 in file gpio.s
   Uses
      At line 217 in file gpio.s
Comment: GPIO_PORTM_AHB_DEN_R used once
GPIO_PORTM_AHB_DIR_R 40063400

Symbol: GPIO_PORTM_AHB_DIR_R
   Definitions
      At line 26 in file gpio.s



ARM Macro Assembler    Page 9 Alphabetic symbol ordering
Absolute symbols

   Uses
      At line 184 in file gpio.s
Comment: GPIO_PORTM_AHB_DIR_R used once
GPIO_PORTM_AHB_LOCK_R 40063520

Symbol: GPIO_PORTM_AHB_LOCK_R
   Definitions
      At line 22 in file gpio.s
   Uses
      None
Comment: GPIO_PORTM_AHB_LOCK_R unused
GPIO_PORTM_AHB_PCTL_R 4006352C

Symbol: GPIO_PORTM_AHB_PCTL_R
   Definitions
      At line 25 in file gpio.s
   Uses
      At line 164 in file gpio.s
Comment: GPIO_PORTM_AHB_PCTL_R used once
GPIO_PORTM_AHB_PUR_R 40063510

Symbol: GPIO_PORTM_AHB_PUR_R
   Definitions
      At line 29 in file gpio.s
   Uses
      None
Comment: GPIO_PORTM_AHB_PUR_R unused
GPIO_PORTQ 00004000

Symbol: GPIO_PORTQ
   Definitions
      At line 86 in file gpio.s
   Uses
      None
Comment: GPIO_PORTQ unused
GPIO_PORTQ_AHB_AFSEL_R 40066420

Symbol: GPIO_PORTQ_AHB_AFSEL_R
   Definitions
      At line 82 in file gpio.s
   Uses
      None
Comment: GPIO_PORTQ_AHB_AFSEL_R unused
GPIO_PORTQ_AHB_AMSEL_R 40066528

Symbol: GPIO_PORTQ_AHB_AMSEL_R
   Definitions
      At line 79 in file gpio.s
   Uses
      None
Comment: GPIO_PORTQ_AHB_AMSEL_R unused
GPIO_PORTQ_AHB_CR_R 40066524

Symbol: GPIO_PORTQ_AHB_CR_R
   Definitions
      At line 78 in file gpio.s
   Uses
      None
Comment: GPIO_PORTQ_AHB_CR_R unused



ARM Macro Assembler    Page 10 Alphabetic symbol ordering
Absolute symbols

GPIO_PORTQ_AHB_DATA_R 400663FC

Symbol: GPIO_PORTQ_AHB_DATA_R
   Definitions
      At line 85 in file gpio.s
   Uses
      At line 263 in file gpio.s
Comment: GPIO_PORTQ_AHB_DATA_R used once
GPIO_PORTQ_AHB_DEN_R 4006651C

Symbol: GPIO_PORTQ_AHB_DEN_R
   Definitions
      At line 83 in file gpio.s
   Uses
      None
Comment: GPIO_PORTQ_AHB_DEN_R unused
GPIO_PORTQ_AHB_DIR_R 40066400

Symbol: GPIO_PORTQ_AHB_DIR_R
   Definitions
      At line 81 in file gpio.s
   Uses
      None
Comment: GPIO_PORTQ_AHB_DIR_R unused
GPIO_PORTQ_AHB_LOCK_R 40066520

Symbol: GPIO_PORTQ_AHB_LOCK_R
   Definitions
      At line 77 in file gpio.s
   Uses
      None
Comment: GPIO_PORTQ_AHB_LOCK_R unused
GPIO_PORTQ_AHB_PCTL_R 4006652C

Symbol: GPIO_PORTQ_AHB_PCTL_R
   Definitions
      At line 80 in file gpio.s
   Uses
      None
Comment: GPIO_PORTQ_AHB_PCTL_R unused
GPIO_PORTQ_AHB_PUR_R 40066510

Symbol: GPIO_PORTQ_AHB_PUR_R
   Definitions
      At line 84 in file gpio.s
   Uses
      None
Comment: GPIO_PORTQ_AHB_PUR_R unused
SYSCTL_PRGPIO_R 400FEA08

Symbol: SYSCTL_PRGPIO_R
   Definitions
      At line 18 in file gpio.s
   Uses
      At line 131 in file gpio.s
Comment: SYSCTL_PRGPIO_R used once
SYSCTL_RCGCGPIO_R 400FE608

Symbol: SYSCTL_RCGCGPIO_R



ARM Macro Assembler    Page 11 Alphabetic symbol ordering
Absolute symbols

   Definitions
      At line 17 in file gpio.s
   Uses
      At line 123 in file gpio.s
Comment: SYSCTL_RCGCGPIO_R used once
74 symbols
419 symbols in table
